// Vitest Snapshot v1, https://vitest.dev/guide/snapshot.html

exports[`Home Page > matches snapshot 1`] = `
<DocumentFragment>
  <p>
    Hi
  </p>
</DocumentFragment>
`;
